Initialized native services in: /Users/cmwen/.gradle/native
Initialized jansi services in: /Users/cmwen/.gradle/native
The client will now receive all logging from the daemon (pid: 2209). The daemon log file: /Users/cmwen/.gradle/daemon/8.13/daemon-2209.out.log
Starting 2nd build in daemon [uptime: 1 mins 28.381 secs, performance: 97%, GC rate: 0.00/s, heap usage: 0% of 2 GiB]
Using 8 worker leases.
Now considering [/Users/cmwen/dev/min-activity-tracker] as hierarchies to watch
Watching the file system is configured to be enabled if available
File system watching is active
Starting Build
Settings evaluated using settings file '/Users/cmwen/dev/min-activity-tracker/settings.gradle.kts'.
Projects loaded. Root project using build file '/Users/cmwen/dev/min-activity-tracker/build.gradle.kts'.
Included projects: [root project 'min-activity-tracker', project ':app']

> Configure project :
Evaluating root project 'min-activity-tracker' using build file '/Users/cmwen/dev/min-activity-tracker/build.gradle.kts'.
Resolved plugin [id: 'com.android.application', version: '8.12.0', apply: false]
Resolved plugin [id: 'org.jetbrains.kotlin.android', version: '2.1.20', apply: false]
Resolved plugin [id: 'org.jetbrains.kotlin.plugin.compose', version: '2.1.20', apply: false]
Resolved plugin [id: 'io.gitlab.arturbosch.detekt', version: '1.23.8', apply: false]
Resolved plugin [id: 'org.jlleitschuh.gradle.ktlint', version: '13.0.0', apply: false]

> Configure project :app
Evaluating project ':app' using build file '/Users/cmwen/dev/min-activity-tracker/app/build.gradle.kts'.
Resolved plugin [id: 'com.android.application', version: '8.12.0']
Resolved plugin [id: 'org.jetbrains.kotlin.android', version: '2.1.20']
Resolved plugin [id: 'org.jetbrains.kotlin.plugin.compose', version: '2.1.20']
Resolved plugin [id: 'com.google.devtools.ksp', version: '2.1.20-2.0.1']
Resolved plugin [id: 'com.google.dagger.hilt.android', version: '2.57.1']
Resolved plugin [id: 'io.gitlab.arturbosch.detekt']
Resolved plugin [id: 'org.jlleitschuh.gradle.ktlint', version: '13.0.0']
Resolved plugin [id: 'jacoco']
Using default execution profile
Build 8a93a9a6-cd9c-4e33-80dd-245d69fcd7d0 is started
Using Kotlin Gradle Plugin gradle85 variant
Detected Android Gradle Plugin compose compiler configuration
Detected Android Gradle Plugin compose compiler configuration
Detected Android Gradle Plugin compose compiler configuration
Detected Android Gradle Plugin compose compiler configuration
Detected Android Gradle Plugin compose compiler configuration
Add dependencies: ktlint version 1.7.1
Add dependencies: ktlint version 1.7.1
All projects evaluated.
Task name matched 'kspDebugKotlin'
Selected primary task 'kspDebugKotlin' from project :
Adding -Xuse-inline-scopes-numbers Kotlin compiler flag for task :app:compileDebugKotlin
Tasks to be executed: [task ':app:preBuild', task ':app:preDebugBuild', task ':app:generateDebugBuildConfig', task ':app:checkDebugAarMetadata', task ':app:generateDebugResValues', task ':app:mapDebugSourceSetPaths', task ':app:generateDebugResources', task ':app:mergeDebugResources', task ':app:packageDebugResources', task ':app:parseDebugLocalResources', task ':app:createDebugCompatibleScreenManifests', task ':app:extractDeepLinksDebug', task ':app:processDebugMainManifest', task ':app:processDebugManifest', task ':app:processDebugManifestForPackage', task ':app:processDebugResources', task ':app:kspDebugKotlin']
Tasks that were excluded: []
Resolve mutations for :app:preBuild (Thread[Execution worker,5,main]) started.
:app:preBuild (Thread[Execution worker,5,main]) started.

> Task :app:preBuild UP-TO-DATE
Skipping task ':app:preBuild' as it has no actions.
Resolve mutations for :app:preDebugBuild (Thread[Execution worker,5,main]) started.
:app:preDebugBuild (Thread[Execution worker,5,main]) started.

> Task :app:preDebugBuild UP-TO-DATE
Skipping task ':app:preDebugBuild' as it has no actions.
Resolve mutations for :app:generateDebugBuildConfig (Thread[Execution worker,5,main]) started.
:app:generateDebugBuildConfig (Thread[Execution worker,5,main]) started.

> Task :app:generateDebugBuildConfig UP-TO-DATE
Caching disabled for task ':app:generateDebugBuildConfig' because:
  Build cache is disabled
Skipping task ':app:generateDebugBuildConfig' as it is up-to-date.
Resolve mutations for :app:checkDebugAarMetadata (Thread[Execution worker,5,main]) started.
:app:checkDebugAarMetadata (Thread[Execution worker,5,main]) started.

> Task :app:checkDebugAarMetadata UP-TO-DATE
Caching disabled for task ':app:checkDebugAarMetadata' because:
  Build cache is disabled
  Caching has been disabled for the task
Skipping task ':app:checkDebugAarMetadata' as it is up-to-date.
Resolve mutations for :app:generateDebugResValues (Thread[Execution worker,5,main]) started.
:app:generateDebugResValues (Thread[Execution worker,5,main]) started.

> Task :app:generateDebugResValues UP-TO-DATE
Caching disabled for task ':app:generateDebugResValues' because:
  Build cache is disabled
Skipping task ':app:generateDebugResValues' as it is up-to-date.
Resolve mutations for :app:mapDebugSourceSetPaths (Thread[Execution worker,5,main]) started.
:app:mapDebugSourceSetPaths (Thread[Execution worker,5,main]) started.

> Task :app:mapDebugSourceSetPaths UP-TO-DATE
Caching disabled for task ':app:mapDebugSourceSetPaths' because:
  Build cache is disabled
  Caching has been disabled for the task
Skipping task ':app:mapDebugSourceSetPaths' as it is up-to-date.
Resolve mutations for :app:generateDebugResources (Thread[Execution worker,5,main]) started.
:app:generateDebugResources (Thread[Execution worker,5,main]) started.

> Task :app:generateDebugResources UP-TO-DATE
Caching disabled for task ':app:generateDebugResources' because:
  Build cache is disabled
Skipping task ':app:generateDebugResources' as it is up-to-date.
Resolve mutations for :app:mergeDebugResources (Thread[Execution worker,5,main]) started.
:app:mergeDebugResources (Thread[Execution worker,5,main]) started.

> Task :app:mergeDebugResources UP-TO-DATE
Caching disabled for task ':app:mergeDebugResources' because:
  Build cache is disabled
Skipping task ':app:mergeDebugResources' as it is up-to-date.
Resolve mutations for :app:packageDebugResources (Thread[Execution worker,5,main]) started.
:app:packageDebugResources (Thread[Execution worker,5,main]) started.

> Task :app:packageDebugResources UP-TO-DATE
Caching disabled for task ':app:packageDebugResources' because:
  Build cache is disabled
Skipping task ':app:packageDebugResources' as it is up-to-date.
Resolve mutations for :app:parseDebugLocalResources (Thread[Execution worker,5,main]) started.
:app:parseDebugLocalResources (Thread[Execution worker,5,main]) started.

> Task :app:parseDebugLocalResources UP-TO-DATE
Caching disabled for task ':app:parseDebugLocalResources' because:
  Build cache is disabled
Skipping task ':app:parseDebugLocalResources' as it is up-to-date.
Resolve mutations for :app:createDebugCompatibleScreenManifests (Thread[Execution worker,5,main]) started.
:app:createDebugCompatibleScreenManifests (Thread[Execution worker,5,main]) started.

> Task :app:createDebugCompatibleScreenManifests UP-TO-DATE
Caching disabled for task ':app:createDebugCompatibleScreenManifests' because:
  Build cache is disabled
  Caching has been disabled for the task
Skipping task ':app:createDebugCompatibleScreenManifests' as it is up-to-date.
Resolve mutations for :app:extractDeepLinksDebug (Thread[Execution worker,5,main]) started.
:app:extractDeepLinksDebug (Thread[Execution worker,5,main]) started.

> Task :app:extractDeepLinksDebug UP-TO-DATE
Caching disabled for task ':app:extractDeepLinksDebug' because:
  Build cache is disabled
Skipping task ':app:extractDeepLinksDebug' as it is up-to-date.
Resolve mutations for :app:processDebugMainManifest (Thread[Execution worker,5,main]) started.
:app:processDebugMainManifest (Thread[Execution worker,5,main]) started.

> Task :app:processDebugMainManifest UP-TO-DATE
Caching disabled for task ':app:processDebugMainManifest' because:
  Build cache is disabled
Skipping task ':app:processDebugMainManifest' as it is up-to-date.
Resolve mutations for :app:processDebugManifest (Thread[Execution worker,5,main]) started.
:app:processDebugManifest (Thread[Execution worker,5,main]) started.

> Task :app:processDebugManifest UP-TO-DATE
Caching disabled for task ':app:processDebugManifest' because:
  Build cache is disabled
Skipping task ':app:processDebugManifest' as it is up-to-date.
Resolve mutations for :app:processDebugManifestForPackage (Thread[Execution worker,5,main]) started.
:app:processDebugManifestForPackage (Thread[Execution worker,5,main]) started.

> Task :app:processDebugManifestForPackage UP-TO-DATE
Custom actions are attached to task ':app:processDebugManifestForPackage'.
Caching disabled for task ':app:processDebugManifestForPackage' because:
  Build cache is disabled
Skipping task ':app:processDebugManifestForPackage' as it is up-to-date.
Resolve mutations for :app:processDebugResources (Thread[Execution worker,5,main]) started.
:app:processDebugResources (Thread[Execution worker,5,main]) started.

> Task :app:processDebugResources UP-TO-DATE
Caching disabled for task ':app:processDebugResources' because:
  Build cache is disabled
Skipping task ':app:processDebugResources' as it is up-to-date.
Resolve mutations for :app:kspDebugKotlin (Thread[Execution worker,5,main]) started.
:app:kspDebugKotlin (Thread[Execution worker,5,main]) started.

> Task :app:kspDebugKotlin
Caching disabled for task ':app:kspDebugKotlin' because:
  Build cache is disabled
Task ':app:kspDebugKotlin' is not up-to-date because:
  Task has failed previously.
The input changes require a full rebuild for incremental task ':app:kspDebugKotlin'.
file or directory '/Users/cmwen/dev/min-activity-tracker/app/src/debug/kotlin', not found
file or directory '/Users/cmwen/dev/min-activity-tracker/app/src/debug/java', not found
file or directory '/Users/cmwen/dev/min-activity-tracker/app/src/main/kotlin', not found
file or directory '/Users/cmwen/dev/min-activity-tracker/app/src/debug/java', not found
file or directory '/Users/cmwen/dev/min-activity-tracker/app/src/debug/kotlin', not found
file or directory '/Users/cmwen/dev/min-activity-tracker/app/src/debug/java', not found
file or directory '/Users/cmwen/dev/min-activity-tracker/app/src/main/kotlin', not found
i: [ksp] loaded provider(s): [androidx.room.RoomKspProcessor$Provider, dagger.hilt.processor.internal.uninstallmodules.KspUninstallModulesProcessor$Provider, dagger.hilt.android.processor.internal.androidentrypoint.KspAndroidEntryPointProcessor$Provider, dagger.hilt.processor.internal.aggregateddeps.KspAggregatedDepsProcessor$Provider, dagger.hilt.processor.internal.generatesrootinput.KspGeneratesRootInputProcessor$Provider, dagger.hilt.android.processor.internal.customtestapplication.KspCustomTestApplicationProcessor$Provider, dagger.hilt.processor.internal.definecomponent.KspDefineComponentProcessor$Provider, dagger.hilt.android.processor.internal.viewmodel.KspViewModelProcessor$Provider, dagger.hilt.android.processor.internal.bindvalue.KspBindValueProcessor$Provider, dagger.hilt.processor.internal.root.KspComponentTreeDepsProcessor$Provider, dagger.hilt.processor.internal.earlyentrypoint.KspEarlyEntryPointProcessor$Provider, dagger.hilt.processor.internal.aliasof.KspAliasOfProcessor$Provider, dagger.hilt.processor.internal.originatingelement.KspOriginatingElementProcessor$Provider, dagger.hilt.processor.internal.root.KspRootProcessor$Provider, dagger.internal.codegen.KspComponentProcessor$Provider]
w: [ksp] No dependencies reported for generated source io.cmwen.min_activity_tracker.MinActivityApplication_ComponentTreeDeps.java which willprevent incremental compilation.
Please file a bug at https://issuetracker.google.com/issues/new?component=413107.
e: [ksp] [Dagger/MissingBinding] io.cmwen.min_activity_tracker.data.repository.DeviceEventRepository cannot be provided without an @Provides-annotated method.

    io.cmwen.min_activity_tracker.data.repository.DeviceEventRepository is injected at
        [io.cmwen.min_activity_tracker.MinActivityApplication_HiltComponents.SingletonC] io.cmwen.min_activity_tracker.features.tracking.ActivityRecognitionReceiver.deviceEventRepository
    io.cmwen.min_activity_tracker.features.tracking.ActivityRecognitionReceiver is injected at
        [io.cmwen.min_activity_tracker.MinActivityApplication_HiltComponents.SingletonC] io.cmwen.min_activity_tracker.features.tracking.ActivityRecognitionReceiver_GeneratedInjector.injectActivityRecognitionReceiver(io.cmwen.min_activity_tracker.features.tracking.ActivityRecognitionReceiver)
It is also requested at:
    io.cmwen.min_activity_tracker.features.export.DataExporter(…, deviceEventRepository)
    io.cmwen.min_activity_tracker.features.tracking.DataCollector(…, deviceEventRepository, …)
    io.cmwen.min_activity_tracker.features.tracking.DeviceEventReceiver.deviceEventRepository
The following other entry points also depend on it:
    io.cmwen.min_activity_tracker.features.tracking.DeviceEventReceiver_GeneratedInjector.injectDeviceEventReceiver(io.cmwen.min_activity_tracker.features.tracking.DeviceEventReceiver) [io.cmwen.min_activity_tracker.MinActivityApplication_HiltComponents.SingletonC]
    io.cmwen.min_activity_tracker.features.tracking.TrackingService_GeneratedInjector.injectTrackingService(io.cmwen.min_activity_tracker.features.tracking.TrackingService) [io.cmwen.min_activity_tracker.MinActivityApplication_HiltComponents.SingletonC → io.cmwen.min_activity_tracker.MinActivityApplication_HiltComponents.ServiceC]
    dagger.hilt.android.internal.lifecycle.HiltViewModelFactory.ViewModelFactoriesEntryPoint.getHiltViewModelMap() [io.cmwen.min_activity_tracker.MinActivityApplication_HiltComponents.SingletonC → io.cmwen.min_activity_tracker.MinActivityApplication_HiltComponents.ActivityRetainedC → io.cmwen.min_activity_tracker.MinActivityApplication_HiltComponents.ViewModelC]
e: [ksp] [Dagger/MissingBinding] androidx.datastore.core.DataStore<androidx.datastore.preferences.core.Preferences> cannot be provided without an @Provides-annotated method.

    androidx.datastore.core.DataStore<androidx.datastore.preferences.core.Preferences> is injected at
        [io.cmwen.min_activity_tracker.MinActivityApplication_HiltComponents.SingletonC] io.cmwen.min_activity_tracker.data.preferences.UserPreferencesRepository(dataStore)
    io.cmwen.min_activity_tracker.data.preferences.UserPreferencesRepository is injected at
        [io.cmwen.min_activity_tracker.MinActivityApplication_HiltComponents.ServiceC] io.cmwen.min_activity_tracker.features.tracking.TrackingService.userPreferencesRepository
    io.cmwen.min_activity_tracker.features.tracking.TrackingService is injected at
        [io.cmwen.min_activity_tracker.MinActivityApplication_HiltComponents.ServiceC] io.cmwen.min_activity_tracker.features.tracking.TrackingService_GeneratedInjector.injectTrackingService(io.cmwen.min_activity_tracker.features.tracking.TrackingService) [io.cmwen.min_activity_tracker.MinActivityApplication_HiltComponents.SingletonC → io.cmwen.min_activity_tracker.MinActivityApplication_HiltComponents.ServiceC]
The following other entry points also depend on it:
    dagger.hilt.android.internal.lifecycle.HiltViewModelFactory.ViewModelFactoriesEntryPoint.getHiltViewModelMap() [io.cmwen.min_activity_tracker.MinActivityApplication_HiltComponents.SingletonC → io.cmwen.min_activity_tracker.MinActivityApplication_HiltComponents.ActivityRetainedC → io.cmwen.min_activity_tracker.MinActivityApplication_HiltComponents.ViewModelC]
e: [ksp] [Dagger/MissingBinding] io.cmwen.min_activity_tracker.data.repository.SessionRepository cannot be provided without an @Provides-annotated method.

    io.cmwen.min_activity_tracker.data.repository.SessionRepository is injected at
        [io.cmwen.min_activity_tracker.MinActivityApplication_HiltComponents.SingletonC] io.cmwen.min_activity_tracker.features.tracking.DataCollector(…, sessionRepository, …)
    io.cmwen.min_activity_tracker.features.tracking.DataCollector is injected at
        [io.cmwen.min_activity_tracker.MinActivityApplication_HiltComponents.ServiceC] io.cmwen.min_activity_tracker.features.tracking.TrackingService.dataCollector
    io.cmwen.min_activity_tracker.features.tracking.TrackingService is injected at
        [io.cmwen.min_activity_tracker.MinActivityApplication_HiltComponents.ServiceC] io.cmwen.min_activity_tracker.features.tracking.TrackingService_GeneratedInjector.injectTrackingService(io.cmwen.min_activity_tracker.features.tracking.TrackingService) [io.cmwen.min_activity_tracker.MinActivityApplication_HiltComponents.SingletonC → io.cmwen.min_activity_tracker.MinActivityApplication_HiltComponents.ServiceC]
It is also requested at:
    io.cmwen.min_activity_tracker.features.export.DataExporter(…, sessionRepository, …)
    io.cmwen.min_activity_tracker.presentation.viewmodels.SessionsViewModel(repo)
    io.cmwen.min_activity_tracker.presentation.viewmodels.SettingsViewModel(…, sessionRepository, …)
    io.cmwen.min_activity_tracker.presentation.viewmodels.SummariesViewModel(sessionRepository)
The following other entry points also depend on it:
    dagger.hilt.android.internal.lifecycle.HiltViewModelFactory.ViewModelFactoriesEntryPoint.getHiltViewModelMap() [io.cmwen.min_activity_tracker.MinActivityApplication_HiltComponents.SingletonC → io.cmwen.min_activity_tracker.MinActivityApplication_HiltComponents.ActivityRetainedC → io.cmwen.min_activity_tracker.MinActivityApplication_HiltComponents.ViewModelC]
e: [ksp] [Dagger/MissingBinding] io.cmwen.min_activity_tracker.data.repository.BatterySampleRepository cannot be provided without an @Provides-annotated method.

    io.cmwen.min_activity_tracker.data.repository.BatterySampleRepository is injected at
        [io.cmwen.min_activity_tracker.MinActivityApplication_HiltComponents.SingletonC] io.cmwen.min_activity_tracker.features.tracking.DataCollector(…, batterySampleRepository)
    io.cmwen.min_activity_tracker.features.tracking.DataCollector is injected at
        [io.cmwen.min_activity_tracker.MinActivityApplication_HiltComponents.ServiceC] io.cmwen.min_activity_tracker.features.tracking.TrackingService.dataCollector
    io.cmwen.min_activity_tracker.features.tracking.TrackingService is injected at
        [io.cmwen.min_activity_tracker.MinActivityApplication_HiltComponents.ServiceC] io.cmwen.min_activity_tracker.features.tracking.TrackingService_GeneratedInjector.injectTrackingService(io.cmwen.min_activity_tracker.features.tracking.TrackingService) [io.cmwen.min_activity_tracker.MinActivityApplication_HiltComponents.SingletonC → io.cmwen.min_activity_tracker.MinActivityApplication_HiltComponents.ServiceC]
It is also requested at:
    io.cmwen.min_activity_tracker.features.export.DataExporter(…, batterySampleRepository, …)
The following other entry points also depend on it:
    dagger.hilt.android.internal.lifecycle.HiltViewModelFactory.ViewModelFactoriesEntryPoint.getHiltViewModelMap() [io.cmwen.min_activity_tracker.MinActivityApplication_HiltComponents.SingletonC → io.cmwen.min_activity_tracker.MinActivityApplication_HiltComponents.ActivityRetainedC → io.cmwen.min_activity_tracker.MinActivityApplication_HiltComponents.ViewModelC]

> Task :app:kspDebugKotlin FAILED
Build 8a93a9a6-cd9c-4e33-80dd-245d69fcd7d0 is closed

FAILURE: Build failed with an exception.

* What went wrong:
Execution failed for task ':app:kspDebugKotlin'.
> A failure occurred while executing com.google.devtools.ksp.gradle.KspAAWorkerAction
   > KSP failed with exit code: PROCESSING_ERROR

* Try:
> Run with --stacktrace option to get the stack trace.
> Run with --debug option to get more log output.
> Run with --scan to get full insights.
> Get more help at https://help.gradle.org.

BUILD FAILED in 22s
15 actionable tasks: 1 executed, 14 up-to-date
Watched directory hierarchies: [/Users/cmwen/dev/min-activity-tracker]
